// Jest Snapshot v1, https://goo.gl/fbAQLP

exports[`Header component should render correctly 1`] = `
Object {
  "asFragment": [Function],
  "baseElement": <body>
    <div>
      <header>
        <a
          aria-current="page"
          class="active"
          href="/"
        >
          <div
            class="logo"
          >
            <img
              alt="logo"
              src="logo.jpg"
            />
            <h1>
              Space Travelers' Hub
            </h1>
          </div>
        </a>
        <nav>
          <ul>
            <li>
              <a
                aria-current="page"
                class="activelink"
                href="/"
              >
                ROCKETS
              </a>
            </li>
            <li>
              <a
                href="/missions"
              >
                MISSIONS
              </a>
            </li>
            <li
              class="divider"
            />
            <li>
              <a
                href="/myprofile"
              >
                MY PROFILE
              </a>
            </li>
          </ul>
        </nav>
      </header>
    </div>
  </body>,
  "container": <div>
    <header>
      <a
        aria-current="page"
        class="active"
        href="/"
      >
        <div
          class="logo"
        >
          <img
            alt="logo"
            src="logo.jpg"
          />
          <h1>
            Space Travelers' Hub
          </h1>
        </div>
      </a>
      <nav>
        <ul>
          <li>
            <a
              aria-current="page"
              class="activelink"
              href="/"
            >
              ROCKETS
            </a>
          </li>
          <li>
            <a
              href="/missions"
            >
              MISSIONS
            </a>
          </li>
          <li
            class="divider"
          />
          <li>
            <a
              href="/myprofile"
            >
              MY PROFILE
            </a>
          </li>
        </ul>
      </nav>
    </header>
  </div>,
  "debug": [Function],
  "findAllByAltText": [Function],
  "findAllByDisplayValue": [Function],
  "findAllByLabelText": [Function],
  "findAllByPlaceholderText": [Function],
  "findAllByRole": [Function],
  "findAllByTestId": [Function],
  "findAllByText": [Function],
  "findAllByTitle": [Function],
  "findByAltText": [Function],
  "findByDisplayValue": [Function],
  "findByLabelText": [Function],
  "findByPlaceholderText": [Function],
  "findByRole": [Function],
  "findByTestId": [Function],
  "findByText": [Function],
  "findByTitle": [Function],
  "getAllByAltText": [Function],
  "getAllByDisplayValue": [Function],
  "getAllByLabelText": [Function],
  "getAllByPlaceholderText": [Function],
  "getAllByRole": [Function],
  "getAllByTestId": [Function],
  "getAllByText": [Function],
  "getAllByTitle": [Function],
  "getByAltText": [Function],
  "getByDisplayValue": [Function],
  "getByLabelText": [Function],
  "getByPlaceholderText": [Function],
  "getByRole": [Function],
  "getByTestId": [Function],
  "getByText": [Function],
  "getByTitle": [Function],
  "queryAllByAltText": [Function],
  "queryAllByDisplayValue": [Function],
  "queryAllByLabelText": [Function],
  "queryAllByPlaceholderText": [Function],
  "queryAllByRole": [Function],
  "queryAllByTestId": [Function],
  "queryAllByText": [Function],
  "queryAllByTitle": [Function],
  "queryByAltText": [Function],
  "queryByDisplayValue": [Function],
  "queryByLabelText": [Function],
  "queryByPlaceholderText": [Function],
  "queryByRole": [Function],
  "queryByTestId": [Function],
  "queryByText": [Function],
  "queryByTitle": [Function],
  "rerender": [Function],
  "unmount": [Function],
}
`;
